
> bolt-crm-multiempresa@1.0.0 type-check /app
> tsc --noEmit

src/components/wizard-veiculos/steps/SeatConfiguration.tsx(2,1): error TS6133: 'Label' is declared but its value is never read.
src/components/wizard-veiculos/steps/SeatConfiguration.tsx(96,17): error TS2322: Type 'string | number | SeatCompositionDetail[]' is not assignable to type 'string | number | readonly string[] | undefined'.
  Type 'SeatCompositionDetail[]' is not assignable to type 'string | number | readonly string[] | undefined'.
    Type 'SeatCompositionDetail[]' is not assignable to type 'readonly string[]'.
      Type 'SeatCompositionDetail' is not assignable to type 'string'.
src/lib/supabase.ts(3,33): error TS2339: Property 'env' does not exist on type 'ImportMeta'.
src/lib/supabase.ts(4,37): error TS2339: Property 'env' does not exist on type 'ImportMeta'.
 ELIFECYCLE  Command failed with exit code 2.
